// Jest Snapshot v1, https://goo.gl/fbAQLP

exports[`NavBar testing should render the NavBar component 1`] = `
<div
  class="fixed z-[100] h-20 w-full"
  data-testid="nav"
>
  <div
    class="flex h-full w-full items-center justify-between px-2 2xl:px-16"
  >
    <a
      href="/"
    >
      Image
    </a>
    <div>
      <ul
        class="md:flex"
      >
        <a
          href="/"
        >
          <li
            class="ml-10 text-sm uppercase hover:border-b"
          >
            Home
          </li>
        </a>
        <a
          href="/"
        >
          <li
            class="ml-10 text-sm uppercase hover:border-b"
          >
            Packages
          </li>
        </a>
        <a
          href="/"
        >
          <li
            class="ml-10 text-sm uppercase hover:border-b"
          >
            About
          </li>
        </a>
        <a
          href="/account"
        >
          <li
            class="ml-10 text-sm uppercase hover:border-b"
          >
            Account
          </li>
        </a>
      </ul>
    </div>
  </div>
</div>
`;
